{
        "trees": tree.Tree({
            "id": 1,
            "name": "name_example",
            "description": "description_example",
            "children": [
                tree.Tree({})
            ],
            "parent": tree.Tree({}),
            "forest": forest.Forest({}),
            "additional": {
                "key": tree.Tree({}),
            },
        }),
    }